---
title: "remove whitespaces at end"
date: 2024-01-01T00:00:00+00:00
draft: false
authors: ads
suppresswarnings:
- skip_do_remove_whitespaces_at_end
---

This blog posting removed whitespaces at the end of regular text

<!--more-->

This is text without whitespace at the end

This is text with one whitespace at the end 

This is text with two whitespaces at the end  

This is text with three whitespaces at the end   

This is text without whitespace at the end

> This is a quote with whitespaces at the end  

> This  
> is  
> a  
> muiltiquote  

Last line
